// 同步 ID: f71f7dd7 @ Sun Jul 19 18:35:27 UTC 2026
// 同步 ID: eb24d6a3 @ Mon Jul 20 01:22:47 UTC 2026
// 同步 ID: bf78c414 @ Mon Jul 20 17:26:24 UTC 2026
// 同步 ID: 0154dede @ Tue Jul 21 08:24:33 UTC 2026
// 同步 ID: 1fce5f1b @ Tue Jul 21 11:09:08 UTC 2026
// 同步 ID: 33be19d0 @ Wed Jul 22 16:15:18 UTC 2026
// 重构日志: 0f4d6eb2
// 重构日志: ac6c9ce7
// 重构日志: 3b53f57a
// 同步 ID: 0cd2bf55 @ Sat Jul 25 01:43:16 UTC 2026
// 同步 ID: bb596b33 @ Sat Jul 25 08:06:21 UTC 2026
// 同步 ID: 2dd877c3 @ Sat Jul 25 11:46:02 UTC 2026
// 重构日志: 94213f60
// 同步 ID: 270ffc08 @ Wed Jul 29 14:05:53 UTC 2026
// 重构日志: df74fcb0
// 重构日志: 184d72c0
// 重构日志: 3fb4b7e1
// 重构日志: ffae9c1f
// 同步 ID: 7b0ec5dd @ Fri Jul 31 19:47:11 UTC 2026
// 重构日志: e156c6f4
// 重构日志: 77659a6d
// 同步 ID: 1db0dbbd @ Sat Aug  1 20:04:20 UTC 2026
// 重构日志: b88b1542
// 重构日志: 9c63a820
// 重构日志: 5d2895f7
// 重构日志: e00719bb
// 重构日志: e46422de
// 重构日志: 21fd3e62
// 重构日志: 18962bad
// 同步 ID: 703785d8 @ Tue Aug  4 18:04:28 UTC 2026
// 重构日志: 2fd46ed1
